﻿
> frontend@0.0.0 build
> vite build

[36mvite v8.0.11 [32mbuilding client environment for production...[36m[39m
[2K
node.exe : Error: Cannot apply unknown utility class `animate-gradient-x`
At line:1 char:1
+ & "C:\Program Files\nodejs/node.exe" "C:\Program Files\nodejs/node_mo ...
+ ~~~~~~~~~~~~~~~~~~~~~~~~~~~~~~~~~~~~~~~~~~~~~~~~~~~~~~~~~~~~~~~~~~~~~
    + CategoryInfo          : NotSpecified: (Error: Cannot a...ate-gradient-x`:String) [], RemoteException
    + FullyQualifiedErrorId : NativeCommandError
 
    at onInvalidCandidate (C:\Users\shiva\OneDrive\Desktop\DEVOPS 
PROJECT))\ai-interview-platform\frontend\node_modules\tailwindcss\dist\lib.js:21:1511)
    at Ne (C:\Users\shiva\OneDrive\Desktop\DEVOPS 
PROJECT))\ai-interview-platform\frontend\node_modules\tailwindcss\dist\lib.js:16:38252)
    at C:\Users\shiva\OneDrive\Desktop\DEVOPS 
PROJECT))\ai-interview-platform\frontend\node_modules\tailwindcss\dist\lib.js:21:355
    at Ur (C:\Users\shiva\OneDrive\Desktop\DEVOPS 
PROJECT))\ai-interview-platform\frontend\node_modules\tailwindcss\dist\lib.js:3:1733)
    at I (C:\Users\shiva\OneDrive\Desktop\DEVOPS 
PROJECT))\ai-interview-platform\frontend\node_modules\tailwindcss\dist\lib.js:3:1377)
    at Ee (C:\Users\shiva\OneDrive\Desktop\DEVOPS 
PROJECT))\ai-interview-platform\frontend\node_modules\tailwindcss\dist\lib.js:21:172)
    at vn (C:\Users\shiva\OneDrive\Desktop\DEVOPS 
PROJECT))\ai-interview-platform\frontend\node_modules\tailwindcss\dist\lib.js:38:294)
    at async kn (C:\Users\shiva\OneDrive\Desktop\DEVOPS 
PROJECT))\ai-interview-platform\frontend\node_modules\tailwindcss\dist\lib.js:38:631)
    at async Xr (C:\Users\shiva\OneDrive\Desktop\DEVOPS 
PROJECT))\ai-interview-platform\frontend\node_modules\@tailwindcss\node\dist\index.js:10:3415)
    at async E (C:\Users\shiva\OneDrive\Desktop\DEVOPS 
PROJECT))\ai-interview-platform\frontend\node_modules\@tailwindcss\postcss\dist\index.js:10:3979)
transforming...Γ£ô 2771 modules transformed.
[31mΓ£ù[39m Build failed in 985ms
[31merror during build:
[31mBuild failed with 1 error:

[plugin vite:css] C:/Users/shiva/OneDrive/Desktop/DEVOPS PROJECT))/ai-interview-platform/frontend/src/index.css:1:0
CssSyntaxError: [postcss] tailwindcss: C:/Users/shiva/OneDrive/Desktop/DEVOPS 
PROJECT))/ai-interview-platform/frontend/src/index.css:1:1: Cannot apply unknown utility class `animate-gradient-x`
    at Input.error (C:\Users\shiva\OneDrive\Desktop\DEVOPS 
PROJECT))\ai-interview-platform\frontend\node_modules\postcss\lib\input.js:135:16)
    at Root.error (C:\Users\shiva\OneDrive\Desktop\DEVOPS 
PROJECT))\ai-interview-platform\frontend\node_modules\postcss\lib\node.js:146:32)
    at Object.Once (C:\Users\shiva\OneDrive\Desktop\DEVOPS 
PROJECT))\ai-interview-platform\frontend\node_modules\@tailwindcss\postcss\dist\index.js:10:6913)
    at async LazyResult.runAsync (C:\Users\shiva\OneDrive\Desktop\DEVOPS 
PROJECT))\ai-interview-platform\frontend\node_modules\postcss\lib\lazy-result.js:293:11)
    at async runPostCSS (file:///C:/Users/shiva/OneDrive/Desktop/DEVOPS%20PROJECT))/ai-interview-platform/frontend/node
_modules/vite/dist/node/chunks/node.js:21043:19)
    at async compilePostCSS (file:///C:/Users/shiva/OneDrive/Desktop/DEVOPS%20PROJECT))/ai-interview-platform/frontend/
node_modules/vite/dist/node/chunks/node.js:21027:6)
    at async compileCSS (file:///C:/Users/shiva/OneDrive/Desktop/DEVOPS%20PROJECT))/ai-interview-platform/frontend/node
_modules/vite/dist/node/chunks/node.js:20957:26)
    at async TransformPluginContextImpl.handler (file:///C:/Users/shiva/OneDrive/Desktop/DEVOPS%20PROJECT))/ai-intervie
w-platform/frontend/node_modules/vite/dist/node/chunks/node.js:20470:47)
    at async plugin (file:///C:/Users/shiva/OneDrive/Desktop/DEVOPS%20PROJECT))/ai-interview-platform/frontend/node_mod
ules/rolldown/dist/shared/bindingify-input-options-DQ2Xw70P.mjs:1172:16)
    at async plugin.<computed> (file:///C:/Users/shiva/OneDrive/Desktop/DEVOPS%20PROJECT))/ai-interview-platform/fronte
nd/node_modules/rolldown/dist/shared/bindingify-input-options-DQ2Xw70P.mjs:1612:12)[31m
    at aggregateBindingErrorsIntoJsError (file:///C:/Users/shiva/OneDrive/Desktop/DEVOPS%20PROJECT))/ai-interview-platf
orm/frontend/node_modules/rolldown/dist/shared/error-D4ASW9r2.mjs:48:18)
    at unwrapBindingResult (file:///C:/Users/shiva/OneDrive/Desktop/DEVOPS%20PROJECT))/ai-interview-platform/frontend/n
ode_modules/rolldown/dist/shared/error-D4ASW9r2.mjs:18:128)
    at #build (file:///C:/Users/shiva/OneDrive/Desktop/DEVOPS%20PROJECT))/ai-interview-platform/frontend/node_modules/r
olldown/dist/shared/rolldown-build-CorVA9v1.mjs:3255:34)
    at async buildEnvironment (file:///C:/Users/shiva/OneDrive/Desktop/DEVOPS%20PROJECT))/ai-interview-platform/fronten
d/node_modules/vite/dist/node/chunks/node.js:33033:64)
    at async Object.build (file:///C:/Users/shiva/OneDrive/Desktop/DEVOPS%20PROJECT))/ai-interview-platform/frontend/no
de_modules/vite/dist/node/chunks/node.js:33455:19)
    at async Object.buildApp (file:///C:/Users/shiva/OneDrive/Desktop/DEVOPS%20PROJECT))/ai-interview-platform/frontend
/node_modules/vite/dist/node/chunks/node.js:33452:153)
    at async CAC.<anonymous> (file:///C:/Users/shiva/OneDrive/Desktop/DEVOPS%20PROJECT))/ai-interview-platform/frontend
/node_modules/vite/dist/node/cli.js:778:3) {
  errors: [Getter/Setter]
}[39m
